root@conexao:/var/www/conexaomental# pm2 start "npm run dev" --name "conexaomental" --cwd /var/www/conexaomental
[PM2] Starting /usr/bin/bash in fork_mode (1 instance)
[PM2] Done.
┌────┬──────────────────┬─────────────┬─────────┬─────────┬──────────┬────────┬──────┬───────────┬──────────┬──────────┬──────────┬──────────┐
│ id │ name             │ namespace   │ version │ mode    │ pid      │ uptime │ ↺    │ status    │ cpu      │ mem      │ user     │ watching │
├────┼──────────────────┼─────────────┼─────────┼─────────┼──────────┼────────┼──────┼───────────┼──────────┼──────────┼──────────┼──────────┤
│ 0  │ conexaomental    │ default     │ N/A     │ fork    │ 3710651  │ 0s     │ 0    │ online    │ 0%       │ 38.9mb   │ root     │ disabled │
└────┴──────────────────┴─────────────┴─────────┴─────────┴──────────┴────────┴──────┴───────────┴──────────┴──────────┴──────────┴──────────┘
root@conexao:/var/www/conexaomental# pm2 logs conexaomental --lines 10
[TAILING] Tailing last 10 lines for [conexaomental] process (change the value with --lines option)
/root/.pm2/logs/conexaomental-error.log last 10 lines:
0|conexaom | npm error Missing script: "start"
0|conexaom | npm error
0|conexaom | npm error Did you mean one of these?
0|conexaom | npm error   npm star # Mark your favorite packages
0|conexaom | npm error   npm stars # View packages marked as favorites
0|conexaom | npm error
0|conexaom | npm error To see a list of scripts, run:
0|conexaom | npm error   npm run
0|conexaom | npm error A complete log of this run can be found in: /root/.npm/_logs/2025-07-29T20_40_48_109Z-debug-0.log
0|conexaom | NODE_ENV=production is not supported in the .env file. Only NODE_ENV=development is supported to create a development build of your project. If you need to set process.env.NODE_ENV, you can set it in the Vite config instead.

/root/.pm2/logs/conexaomental-out.log last 10 lines:
0|conexaom | 
0|conexaom | > vite_react_shadcn_ts@0.0.0 dev
0|conexaom | > vite
0|conexaom | 
0|conexaom | 
0|conexaom |   VITE v5.4.10  ready in 1075 ms
0|conexaom | 
0|conexaom |   ➜  Local:   http://localhost:8080/
0|conexaom |   ➜  Network: http://157.173.120.220:8080/
0|conexaom |   ➜  Network: http://172.18.0.1:8080/

^C
root@conexao:/var/www/conexaomental# curl -I http://localhost:5000
curl: (7) Couldn't connect to server
root@conexao:/var/www/conexaomental# curl -I https://clinicaconexaomental.online
HTTP/2 200 
date: Tue, 29 Jul 2025 21:07:28 GMT
content-type: text/html; charset=utf-8
cf-ray: 966f9601099dbb89-FRA
access-control-allow-origin: *
access-control-allow-headers: *
access-control-allow-methods: GET, HEAD, PUT, OPTIONS
server: cloudflare

root@conexao:/var/www/conexaomental# curl -s https://clinicaconexaomental.online | grep -i "planos\|faq\|procura tratar"
root@conexao:/var/www/conexaomental# pm2 save
[PM2] Saving current process list...
[PM2] Successfully saved in /root/.pm2/dump.pm2
root@conexao:/var/www/conexaomental# pm2 startup
[PM2] Init System found: systemd
Platform systemd
Template
[Unit]
Description=PM2 process manager
Documentation=https://pm2.keymetrics.io/
After=network.target

[Service]
Type=forking
User=root
LimitNOFILE=infinity
LimitNPROC=infinity
LimitCORE=infinity
Environment=PATH=/usr/local/sbin:/usr/local/bin:/usr/sbin:/usr/bin:/sbin:/bin:/usr/games:/usr/local/games:/snap/bin:/bin:/usr/local/sbin:/usr/local/bin:/usr/sbin:/usr/bin
Environment=PM2_HOME=/root/.pm2
PIDFile=/root/.pm2/pm2.pid
Restart=on-failure

ExecStart=/usr/lib/node_modules/pm2/bin/pm2 resurrect
ExecReload=/usr/lib/node_modules/pm2/bin/pm2 reload all
ExecStop=/usr/lib/node_modules/pm2/bin/pm2 kill

[Install]
WantedBy=multi-user.target

Target path
/etc/systemd/system/pm2-root.service
Command list
[ 'systemctl enable pm2-root' ]
[PM2] Writing init configuration in /etc/systemd/system/pm2-root.service
[PM2] Making script booting at startup...
[PM2] [-] Executing: systemctl enable pm2-root...
Created symlink /etc/systemd/system/multi-user.target.wants/pm2-root.service → /etc/systemd/system/pm2-root.service.
[PM2] [v] Command successfully executed.
+---------------------------------------+
[PM2] Freeze a process list on reboot via:
$ pm2 save

[PM2] Remove init script via:
$ pm2 unstartup systemd
root@conexao:/var/www/conexaomental# 