root@conexao:/var/www/conexaomental# pm2 logs conexaomental --lines 5
[TAILING] Tailing last 5 lines for [conexaomental] process (change the value with --lines option)
/root/.pm2/logs/conexaomental-error.log last 5 lines:
0|conexaom |   code: 'ERR_MODULE_NOT_FOUND'
0|conexaom | }
0|conexaom | 
0|conexaom | Node.js v18.20.8
0|conexaom | NODE_ENV=production is not supported in the .env file. Only NODE_ENV=development is supported to create a development build of your project. If you need to set process.env.NODE_ENV, you can set it in the Vite config instead.

/root/.pm2/logs/conexaomental-out.log last 5 lines:
0|conexaom |   VITE v5.4.10  ready in 1041 ms
0|conexaom | 
0|conexaom |   ➜  Local:   http://localhost:8080/
0|conexaom |   ➜  Network: http://157.173.120.220:8080/
0|conexaom |   ➜  Network: http://172.18.0.1:8080/

ss -tulpn | grep -E ":80|:8080"
^C
root@conexao:/var/www/conexaomental# ss -tulpn | grep -E ":80|:8080"
tcp     LISTEN   0        511              0.0.0.0:80             0.0.0.0:*      users:(("nginx",pid=559,fd=7),("nginx",pid=558,fd=7),("nginx",pid=557,fd=7),("nginx",pid=556,fd=7),("nginx",pid=555,fd=7),("nginx",pid=554,fd=7),("nginx",pid=553,fd=7))
tcp     LISTEN   0        511                    *:8080                 *:*      users:(("node",pid=3783624,fd=22))                                             
tcp     LISTEN   0        511                 [::]:80                [::]:*      users:(("nginx",pid=559,fd=8),("nginx",pid=558,fd=8),("nginx",pid=557,fd=8),("nginx",pid=556,fd=8),("nginx",pid=555,fd=8),("nginx",pid=554,fd=8),("nginx",pid=553,fd=8))
root@conexao:/var/www/conexaomental# pm2 delete conexaomental
[PM2] Applying action deleteProcessId on app [conexaomental](ids: [ 0 ])
[PM2] [conexaomental](0) ✓
┌────┬───────────┬─────────────┬─────────┬─────────┬──────────┬────────┬──────┬───────────┬──────────┬──────────┬──────────┬──────────┐
│ id │ name      │ namespace   │ version │ mode    │ pid      │ uptime │ ↺    │ status    │ cpu      │ mem      │ user     │ watching │
└────┴───────────┴─────────────┴─────────┴─────────┴──────────┴────────┴──────┴───────────┴──────────┴──────────┴──────────┴──────────┘
root@conexao:/var/www/conexaomental# cd /var/www/conexaomental
root@conexao:/var/www/conexaomental# nohup python3 -m http.server 80 --directory dist > server.log 2>&1 &
[1] 3789999
root@conexao:/var/www/conexaomental# sleep 2 && curl -s https://clinicaconexaomental.online | head -20
[1]+  Exit 1                  nohup python3 -m http.server 80 --directory dist > server.log 2>&1

<!DOCTYPE html>
<html lang="pt-BR">
  <head>
    <meta charset="UTF-8" />
    <meta name="viewport" content="width=device-width, initial-scale=1.0" />
    
    <!-- Preload critical resources -->
    <link rel="preload" href="data:application/octet-stream;base64,aW1wb3J0IHsgY3JlYXRlUm9vdCB9IGZyb20gJ3JlYWN0LWRvbS9jbGllbnQnCmltcG9ydCBBcHAgZnJvbSAnLi9BcHAudHN4JwppbXBvcnQgJy4vaW5kZXguY3NzJwoKY3JlYXRlUm9vdChkb2N1bWVudC5nZXRFbGVtZW50QnlJZCgicm9vdCIpISkucmVuZGVyKDxBcHAgLz4pOwo=" as="script" crossorigin />
    <link rel="preconnect" href="https://fonts.googleapis.com" crossorigin />
    <link rel="dns-prefetch" href="https://zvjbwwkjcibthjnogmaq.supabase.co" />
    
    <!-- Primary Meta Tags -->
    <title>Clínica Conexão Mental - Teleconsultas com Psicólogos e Psiquiatras Online</title>
    <meta name="title" content="Clínica Conexão Mental - Teleconsultas com Psicólogos e Psiquiatras Online" />
    <meta name="description" content="Plataforma líder em teleconsultas de saúde mental no Brasil. Agende consultas online com psicólogos e psiquiatras qualificados. Atendimento 24h, seguro e confidencial." />
    <meta name="keywords" content="psicólogo online, psiquiatra online, teleconsulta, terapia online, saúde mental, consulta psicológica, ansiedade, depressão, brasil" />
    <meta name="author" content="Conexão Mental" />
    <meta name="robots" content="index, follow" />
    <meta name="language" content="Portuguese" />
root@conexao:/var/www/conexaomental# 